[10/Jun/2026 15:00:36] "GET /health/ HTTP/1.1" 200 21
[10/Jun/2026 15:00:36,079] - Broken pipe from ('127.0.0.1', 3956)
[10/Jun/2026 15:01:28] "POST /teacher/ai-tools/ HTTP/1.1" 200 36774
[10/Jun/2026 15:01:39] "POST /teacher/ai-tools/ HTTP/1.1" 200 33529
[10/Jun/2026 15:01:45] "POST /teacher/ai-tools/ HTTP/1.1" 200 36776
[10/Jun/2026 15:03:05] "POST /teacher/ai-tools/ HTTP/1.1" 200 36776
[10/Jun/2026 15:03:11] "POST /teacher/ai-tools/ HTTP/1.1" 200 36774
[10/Jun/2026 15:03:16] "GET /logout/ HTTP/1.1" 302 0
[10/Jun/2026 15:03:16] "GET / HTTP/1.1" 200 96231
[10/Jun/2026 15:03:18] "GET /teacher/login/ HTTP/1.1" 200 53579
[10/Jun/2026 15:03:25] "POST /teacher/login/ HTTP/1.1" 302 0
[10/Jun/2026 15:03:27] "GET /teacher/dashboard/ HTTP/1.1" 200 79899
[10/Jun/2026 15:03:29] "GET /teacher/ai-tools/ HTTP/1.1" 200 32539
[10/Jun/2026 15:03:34] "POST /teacher/ai-tools/ HTTP/1.1" 200 36774
[10/Jun/2026 15:04:31] "GET / HTTP/1.1" 200 95644
[10/Jun/2026 15:05:57] "GET / HTTP/1.1" 200 95644
[10/Jun/2026 15:06:00] "GET /teacher/login/ HTTP/1.1" 200 53579
[10/Jun/2026 15:06:06] "POST /teacher/login/ HTTP/1.1" 302 0
[10/Jun/2026 15:06:07] "GET /teacher/dashboard/ HTTP/1.1" 200 80204
[10/Jun/2026 15:06:11] "GET /teacher/ai-tools/ HTTP/1.1" 200 32539
[10/Jun/2026 15:06:17] "POST /teacher/ai-tools/ HTTP/1.1" 200 36774
[10/Jun/2026 15:12:05] "POST /teacher/ai-tools/ HTTP/1.1" 200 36774
[10/Jun/2026 15:12:11] "POST /teacher/ai-tools/ HTTP/1.1" 200 36774
[10/Jun/2026 15:12:11] "GET /static/css/tailwind.css HTTP/1.1" 200 55512
[10/Jun/2026 15:12:11] "GET /static/image/image.png HTTP/1.1" 200 61876
[10/Jun/2026 15:12:11] "GET /static/image/image.png HTTP/1.1" 200 61876
[10/Jun/2026 15:12:13] "POST /teacher/ai-tools/ HTTP/1.1" 200 36774
[10/Jun/2026 15:13:30] "GET / HTTP/1.1" 200 95644
[10/Jun/2026 15:14:03] "GET / HTTP/1.1" 200 95644
[10/Jun/2026 15:14:05] "GET /teacher/login/ HTTP/1.1" 200 53579
[10/Jun/2026 15:14:13] "POST /teacher/login/ HTTP/1.1" 302 0
[10/Jun/2026 15:14:14] "GET /teacher/dashboard/ HTTP/1.1" 200 80204
[10/Jun/2026 15:14:17] "GET /teacher/ai-tools/ HTTP/1.1" 200 32539
[10/Jun/2026 15:14:22] "POST /teacher/ai-tools/ HTTP/1.1" 200 36771
[10/Jun/2026 15:16:52] "GET / HTTP/1.1" 200 95644
[10/Jun/2026 15:16:55] "GET /teacher/login/ HTTP/1.1" 200 53579
[10/Jun/2026 15:17:03] "POST /teacher/login/ HTTP/1.1" 302 0
[10/Jun/2026 15:17:04] "GET /teacher/dashboard/ HTTP/1.1" 200 80204
[10/Jun/2026 15:17:07] "GET /teacher/ai-tools/ HTTP/1.1" 200 32539
[10/Jun/2026 15:17:12] "POST /teacher/ai-tools/ HTTP/1.1" 200 36771
[10/Jun/2026 15:37:09] "GET / HTTP/1.1" 200 95644
[10/Jun/2026 15:37:45] "GET /student/register/ HTTP/1.1" 200 53660
[10/Jun/2026 15:37:47] "GET /student/login/ HTTP/1.1" 200 53694
[10/Jun/2026 15:37:52] "POST /student/login/ HTTP/1.1" 302 0
[10/Jun/2026 15:37:52] "GET /student/login/ HTTP/1.1" 200 54723
[10/Jun/2026 15:38:02] "GET /teacher/login/ HTTP/1.1" 200 53579
[10/Jun/2026 15:38:09] "POST /teacher/login/ HTTP/1.1" 302 0
[10/Jun/2026 15:38:10] "GET /teacher/dashboard/ HTTP/1.1" 200 79899
[10/Jun/2026 15:38:15] "GET /teacher/ai-tools/ HTTP/1.1" 200 32539
[10/Jun/2026 15:38:22] "POST /teacher/ai-tools/ HTTP/1.1" 200 36771
[10/Jun/2026 15:46:53] "GET / HTTP/1.1" 200 95644
[10/Jun/2026 15:46:57] "GET /teacher/login/ HTTP/1.1" 200 53579
[10/Jun/2026 15:47:04] "POST /teacher/login/ HTTP/1.1" 302 0
[10/Jun/2026 15:47:05] "GET /teacher/dashboard/ HTTP/1.1" 200 80204
[10/Jun/2026 15:47:09] "GET /teacher/ai-tools/ HTTP/1.1" 200 32539
[10/Jun/2026 15:47:14] "POST /teacher/ai-tools/ HTTP/1.1" 200 36771
